---
http_interactions:
- request:
    method: post
    uri: https://oauth2.googleapis.com/token
    body:
      encoding: ASCII-8BIT
      string: grant_type=refresh_token&refresh_token=<GOOGLE_REFRESH_TOKEN>&client_id=<GOOGLE_CLIENT_ID>&client_secret=<GOOGLE_CLIENT_SECRET>
    headers:
      User-Agent:
      - Faraday v2.14.1
      Content-Type:
      - application/x-www-form-urlencoded
      Accept-Encoding:
      - gzip;q=1.0,deflate;q=0.6,identity;q=0.3
      Accept:
      - "*/*"
  response:
    status:
      code: 200
      message: OK
    headers:
      Cache-Control:
      - no-cache, no-store, max-age=0, must-revalidate
      Pragma:
      - no-cache
      Date:
      - Tue, 10 Feb 2026 09:03:04 GMT
      Expires:
      - Mon, 01 Jan 1990 00:00:00 GMT
      Content-Type:
      - application/json; charset=utf-8
      Vary:
      - Origin
      - Referer
      - X-Origin
      Server:
      - scaffolding on HTTPServer2
      X-Xss-Protection:
      - '0'
      X-Frame-Options:
      - SAMEORIGIN
      X-Content-Type-Options:
      - nosniff
      Alt-Svc:
      - h3=":443"; ma=2592000,h3-29=":443"; ma=2592000
      Transfer-Encoding:
      - chunked
    body:
      encoding: ASCII-8BIT
      string: |-
        {
          "access_token": "<GOOGLE_ACCESS_TOKEN>",
          "expires_in": 3599,
          "scope": "https://www.googleapis.com/auth/cloud-platform https://www.googleapis.com/auth/userinfo.email openid https://www.googleapis.com/auth/sqlservice.login",
          "token_type": "Bearer",
          "id_token": "<GOOGLE_ID_TOKEN>"
        }
  recorded_at: Sat, 14 Feb 2026 10:11:31 GMT
- request:
    method: post
    uri: https://aiplatform.googleapis.com/v1beta1/projects/<GOOGLE_CLOUD_PROJECT>/locations/<GOOGLE_CLOUD_LOCATION>/publishers/google/models/gemini-2.5-flash:generateContent
    body:
      encoding: UTF-8
      string: '{"contents":[{"role":"user","parts":[{"text":"Who is the creator of
        the programming language Ruby?"}]}],"generationConfig":{}}'
    headers:
      User-Agent:
      - Faraday v2.14.1
      Authorization:
      - Bearer <GOOGLE_BEARER_TOKEN>
      Content-Type:
      - application/json
      Accept-Encoding:
      - gzip;q=1.0,deflate;q=0.6,identity;q=0.3
      Accept:
      - "*/*"
  response:
    status:
      code: 200
      message: OK
    headers:
      Content-Type:
      - application/json; charset=UTF-8
      Vary:
      - Origin
      - Referer
      - X-Origin
      Date:
      - Tue, 10 Feb 2026 09:03:07 GMT
      Server:
      - scaffolding on HTTPServer2
      X-Xss-Protection:
      - '0'
      X-Frame-Options:
      - SAMEORIGIN
      X-Content-Type-Options:
      - nosniff
      Alt-Svc:
      - h3=":443"; ma=2592000,h3-29=":443"; ma=2592000
      Transfer-Encoding:
      - chunked
    body:
      encoding: ASCII-8BIT
      string: |
        {
          "candidates": [
            {
              "content": {
                "role": "model",
                "parts": [
                  {
                    "text": "The creator of the programming language Ruby is **Yukihiro Matsumoto**, often referred to by his nickname **Matz**.\n\nHe is a Japanese computer scientist and software engineer who began developing Ruby in 1993 and first released it to the public in 1995. His design philosophy for Ruby was to create a language that emphasized programmer productivity and happiness, often stating that he wanted to make programming fun again."
                  }
                ]
              },
              "finishReason": "STOP",
              "avgLogprobs": -0.92202882988508361
            }
          ],
          "usageMetadata": {
            "promptTokenCount": 10,
            "candidatesTokenCount": 86,
            "totalTokenCount": 397,
            "trafficType": "ON_DEMAND",
            "promptTokensDetails": [
              {
                "modality": "TEXT",
                "tokenCount": 10
              }
            ],
            "candidatesTokensDetails": [
              {
                "modality": "TEXT",
                "tokenCount": 86
              }
            ],
            "thoughtsTokenCount": 301
          },
          "modelVersion": "gemini-2.5-flash",
          "createTime": "2026-02-10T09:03:05.100603Z",
          "responseId": "SfSKafuRBombseMP5YTzyQ0"
        }
  recorded_at: Sat, 14 Feb 2026 10:11:31 GMT
- request:
    method: post
    uri: https://aiplatform.googleapis.com/v1beta1/projects/<GOOGLE_CLOUD_PROJECT>/locations/<GOOGLE_CLOUD_LOCATION>/publishers/google/models/gemini-2.5-flash:generateContent
    body:
      encoding: UTF-8
      string: '{"contents":[{"role":"user","parts":[{"text":"Who is the creator of
        the programming language Ruby?"}]},{"role":"model","parts":[{"text":"The creator
        of the programming language Ruby is **Yukihiro Matsumoto**, often referred
        to by his nickname **Matz**.\n\nHe is a Japanese computer scientist and software
        engineer who began developing Ruby in 1993 and first released it to the public
        in 1995. His design philosophy for Ruby was to create a language that emphasized
        programmer productivity and happiness, often stating that he wanted to make
        programming fun again."}]},{"role":"user","parts":[{"text":"What year did
        he create Ruby?"}]}],"generationConfig":{}}'
    headers:
      User-Agent:
      - Faraday v2.14.1
      Authorization:
      - Bearer <GOOGLE_BEARER_TOKEN>
      Content-Type:
      - application/json
      Accept-Encoding:
      - gzip;q=1.0,deflate;q=0.6,identity;q=0.3
      Accept:
      - "*/*"
  response:
    status:
      code: 200
      message: OK
    headers:
      Content-Type:
      - application/json; charset=UTF-8
      Vary:
      - Origin
      - Referer
      - X-Origin
      Date:
      - Tue, 10 Feb 2026 09:03:08 GMT
      Server:
      - scaffolding on HTTPServer2
      X-Xss-Protection:
      - '0'
      X-Frame-Options:
      - SAMEORIGIN
      X-Content-Type-Options:
      - nosniff
      Alt-Svc:
      - h3=":443"; ma=2592000,h3-29=":443"; ma=2592000
      Transfer-Encoding:
      - chunked
    body:
      encoding: ASCII-8BIT
      string: |
        {
          "candidates": [
            {
              "content": {
                "role": "model",
                "parts": [
                  {
                    "text": "Yukihiro Matsumoto (Matz) began creating Ruby in **1993**."
                  }
                ]
              },
              "finishReason": "STOP",
              "avgLogprobs": -0.78115468555026579
            }
          ],
          "usageMetadata": {
            "promptTokenCount": 103,
            "candidatesTokenCount": 18,
            "totalTokenCount": 159,
            "trafficType": "ON_DEMAND",
            "promptTokensDetails": [
              {
                "modality": "TEXT",
                "tokenCount": 103
              }
            ],
            "candidatesTokensDetails": [
              {
                "modality": "TEXT",
                "tokenCount": 18
              }
            ],
            "thoughtsTokenCount": 38
          },
          "modelVersion": "gemini-2.5-flash",
          "createTime": "2026-02-10T09:03:07.906054Z",
          "responseId": "S_SKacamN4mbseMP5YTzyQ0"
        }
  recorded_at: Sat, 14 Feb 2026 10:11:31 GMT
recorded_with: VCR 6.4.0
